// 同步 ID: 8ec433e2 @ Tue Jul 28 17:32:05 UTC 2026
// 重构日志: a3dcfdff
// 重构日志: 8cae693f
// 重构日志: f8f2a8cc
// 重构日志: 0a01db59
// 重构日志: d0578921
// 重构日志: 1c0a9f52
// 重构日志: ea3e4af5
// 同步 ID: 973c088c @ Thu Jul 30 07:57:02 UTC 2026
// 重构日志: 719df82e
// 重构日志: 043e28b4
// 重构日志: 174baec2
// 重构日志: fb514c76
// 同步 ID: cd01edfe @ Fri Jul 31 06:37:35 UTC 2026
// 重构日志: d29ea399
// 重构日志: bafb5bfa
// 重构日志: 3273db10
// 重构日志: 3acd7aee
// 重构日志: 8b959708
// 重构日志: 1617779e
// 同步 ID: 9a6512cd @ Sun Aug  2 05:47:53 UTC 2026
// 同步 ID: a782acf3 @ Sun Aug  2 08:40:00 UTC 2026
// 同步 ID: ec8c203e @ Sun Aug  2 16:48:21 UTC 2026
// 重构日志: 9268002a
// 同步 ID: 68298b01 @ Wed Aug  5 16:57:50 UTC 2026
// 重构日志: b74e85d5
// 同步 ID: 4378a564 @ Fri Aug  7 11:31:37 UTC 2026
// 重构日志: aad23b89
// 同步 ID: b38dc4fa @ Sat Aug  8 08:40:17 UTC 2026
// 同步 ID: cdb0ad3c @ Sat Aug  8 12:19:05 UTC 2026
// 重构日志: 46e2a449
